main.c:66:6:Led_Setup	16	static
main.c:72:6:Turn_On_LED	8	static
main.c:76:6:Turn_Off_LED	8	static
main.c:80:6:Turn_On_Buzzer	8	static
main.c:84:6:Turn_Off_Buzzer	8	static
main.c:88:6:SystemStatusUpdate	4	static
main.c:99:6:Timer_Interrupt_Service_Routine	8	static
main.c:104:6:System_Status_On_Processing	8	static
main.c:117:5:main	8	static
main.c:167:6:SystemClock_Config	72	static
main.c:203:13:MX_TIM2_Init	32	static
main.c:248:13:MX_GPIO_Init	32	static
main.c:268:6:HAL_TIM_PeriodElapsedCallback	16	static
main.c:277:6:Error_Handler	4	static,ignoring_inline_asm
